// Jest Snapshot v1, https://goo.gl/fbAQLP

exports[`default renderer: prompt -> inquirer should render a prompt: FWnNRsrvJZcLhaJZOgfuVKqfISzKAxWi-exit 1`] = `[]`;

exports[`default renderer: prompt -> inquirer should render a prompt: FWnNRsrvJZcLhaJZOgfuVKqfISzKAxWi-stderr 1`] = `[]`;

exports[`default renderer: prompt -> inquirer should render a prompt: FWnNRsrvJZcLhaJZOgfuVKqfISzKAxWi-stdout 1`] = `
[
  "[?25l",
  "◼ This task will execute.
",
  "[2K[1A[2K[G❯ This task will execute.
",
  "[2K[1A[2K[G❯ This task will execute.

[32m?[39m [1mGive me some input.[22m
",
  "[2K[1A[2K[1A[2K[1A[2K[G❯ This task will execute.

[32m?[39m [1mGive me some input.[22m t
",
  "[2K[1A[2K[1A[2K[1A[2K[G❯ This task will execute.

[32m?[39m [1mGive me some input.[22m te
",
  "[2K[1A[2K[1A[2K[1A[2K[G❯ This task will execute.

[32m?[39m [1mGive me some input.[22m tes
",
  "[2K[1A[2K[1A[2K[1A[2K[G❯ This task will execute.

[32m?[39m [1mGive me some input.[22m test
",
  "[2K[1A[2K[1A[2K[1A[2K[G❯ This task will execute.

[33m⠋[39m [1mGive me some input.[22m test
",
  "[2K[1A[2K[1A[2K[1A[2K[G❯ This task will execute.

[32m?[39m [1mGive me some input.[22m [36mtest[39m
",
  "[2K[1A[2K[1A[2K[1A[2K[G❯ This task will execute.
",
  "[2K[1A[2K[G✔ This task will execute.
",
  "[2K[1A[2K[G",
  "✔ This task will execute.
",
  "[?25h",
]
`;

exports[`simple renderer: prompt -> inquirer should render a prompt: FWnNRsrvJZcLhaJZOgfuVKqfISzKAxWi-exit 1`] = `[]`;

exports[`simple renderer: prompt -> inquirer should render a prompt: FWnNRsrvJZcLhaJZOgfuVKqfISzKAxWi-stderr 1`] = `
[
  "",
  "[32m?[39m [1mGive me some input.[22m[23G",
  "[2K[G",
  "[32m?[39m [1mGive me some input.[22m t[24G",
  "[2K[G",
  "[32m?[39m [1mGive me some input.[22m te[25G",
  "[2K[G",
  "[32m?[39m [1mGive me some input.[22m tes[26G",
  "[2K[G",
  "[32m?[39m [1mGive me some input.[22m test[27G",
  "[2K[G",
  "[33m⠋[39m [1mGive me some input.[22m test[27G",
  "[2K[G",
  "[32m?[39m [1mGive me some input.[22m [36mtest[39m[27G",
  "
",
  "[?25h",
]
`;

exports[`simple renderer: prompt -> inquirer should render a prompt: FWnNRsrvJZcLhaJZOgfuVKqfISzKAxWi-stdout 1`] = `
[
  "❯ This task will execute.
",
  "[?25l",
  "[?25h",
  "✔ This task will execute.
",
  "[?25h",
]
`;

exports[`test renderer: prompt -> inquirer should render a prompt: FWnNRsrvJZcLhaJZOgfuVKqfISzKAxWi-exit 1`] = `[]`;

exports[`test renderer: prompt -> inquirer should render a prompt: FWnNRsrvJZcLhaJZOgfuVKqfISzKAxWi-stderr 1`] = `[]`;

exports[`test renderer: prompt -> inquirer should render a prompt: FWnNRsrvJZcLhaJZOgfuVKqfISzKAxWi-stdout 1`] = `
[
  "{"event":"STATE","data":"STARTED","task":{"hasRolledBack":false,"isRollingBack":false,"isCompleted":false,"isSkipped":false,"hasFinalized":false,"hasSubtasks":false,"title":"This task will execute.","hasReset":false,"hasTitle":true,"isPrompt":false,"isPaused":false,"isPending":true,"isStarted":true,"hasFailed":false,"isEnabled":true,"isRetrying":false,"path":["This task will execute."]}}
",
  "{"event":"STATE","data":"PROMPT","task":{"hasRolledBack":false,"isRollingBack":false,"isCompleted":false,"isSkipped":false,"hasFinalized":false,"hasSubtasks":false,"title":"This task will execute.","hasReset":false,"hasTitle":true,"isPrompt":true,"isPaused":false,"isPending":true,"isStarted":false,"hasFailed":false,"isEnabled":true,"isRetrying":false,"path":["This task will execute."]}}
",
  "{"event":"PROMPT","data":"","task":{"hasRolledBack":false,"isRollingBack":false,"isCompleted":false,"isSkipped":false,"hasFinalized":false,"hasSubtasks":false,"title":"This task will execute.","hasReset":false,"hasTitle":true,"isPrompt":true,"isPaused":false,"isPending":true,"isStarted":false,"hasFailed":false,"isEnabled":true,"isRetrying":false,"path":["This task will execute."]}}
",
  "{"event":"PROMPT","data":"\\u001b[32m?\\u001b[39m \\u001b[1mGive me some input.\\u001b[22m\\u001b[23G","task":{"hasRolledBack":false,"isRollingBack":false,"isCompleted":false,"isSkipped":false,"hasFinalized":false,"hasSubtasks":false,"title":"This task will execute.","hasReset":false,"hasTitle":true,"isPrompt":true,"isPaused":false,"isPending":true,"isStarted":false,"hasFailed":false,"isEnabled":true,"isRetrying":false,"path":["This task will execute."]}}
",
  "{"event":"PROMPT","data":"\\u001b[2K\\u001b[G","task":{"hasRolledBack":false,"isRollingBack":false,"isCompleted":false,"isSkipped":false,"hasFinalized":false,"hasSubtasks":false,"title":"This task will execute.","hasReset":false,"hasTitle":true,"isPrompt":true,"isPaused":false,"isPending":true,"isStarted":false,"hasFailed":false,"isEnabled":true,"isRetrying":false,"path":["This task will execute."]}}
",
  "{"event":"PROMPT","data":"\\u001b[32m?\\u001b[39m \\u001b[1mGive me some input.\\u001b[22m t\\u001b[24G","task":{"hasRolledBack":false,"isRollingBack":false,"isCompleted":false,"isSkipped":false,"hasFinalized":false,"hasSubtasks":false,"title":"This task will execute.","hasReset":false,"hasTitle":true,"isPrompt":true,"isPaused":false,"isPending":true,"isStarted":false,"hasFailed":false,"isEnabled":true,"isRetrying":false,"path":["This task will execute."]}}
",
  "{"event":"PROMPT","data":"\\u001b[2K\\u001b[G","task":{"hasRolledBack":false,"isRollingBack":false,"isCompleted":false,"isSkipped":false,"hasFinalized":false,"hasSubtasks":false,"title":"This task will execute.","hasReset":false,"hasTitle":true,"isPrompt":true,"isPaused":false,"isPending":true,"isStarted":false,"hasFailed":false,"isEnabled":true,"isRetrying":false,"path":["This task will execute."]}}
",
  "{"event":"PROMPT","data":"\\u001b[32m?\\u001b[39m \\u001b[1mGive me some input.\\u001b[22m te\\u001b[25G","task":{"hasRolledBack":false,"isRollingBack":false,"isCompleted":false,"isSkipped":false,"hasFinalized":false,"hasSubtasks":false,"title":"This task will execute.","hasReset":false,"hasTitle":true,"isPrompt":true,"isPaused":false,"isPending":true,"isStarted":false,"hasFailed":false,"isEnabled":true,"isRetrying":false,"path":["This task will execute."]}}
",
  "{"event":"PROMPT","data":"\\u001b[2K\\u001b[G","task":{"hasRolledBack":false,"isRollingBack":false,"isCompleted":false,"isSkipped":false,"hasFinalized":false,"hasSubtasks":false,"title":"This task will execute.","hasReset":false,"hasTitle":true,"isPrompt":true,"isPaused":false,"isPending":true,"isStarted":false,"hasFailed":false,"isEnabled":true,"isRetrying":false,"path":["This task will execute."]}}
",
  "{"event":"PROMPT","data":"\\u001b[32m?\\u001b[39m \\u001b[1mGive me some input.\\u001b[22m tes\\u001b[26G","task":{"hasRolledBack":false,"isRollingBack":false,"isCompleted":false,"isSkipped":false,"hasFinalized":false,"hasSubtasks":false,"title":"This task will execute.","hasReset":false,"hasTitle":true,"isPrompt":true,"isPaused":false,"isPending":true,"isStarted":false,"hasFailed":false,"isEnabled":true,"isRetrying":false,"path":["This task will execute."]}}
",
  "{"event":"PROMPT","data":"\\u001b[2K\\u001b[G","task":{"hasRolledBack":false,"isRollingBack":false,"isCompleted":false,"isSkipped":false,"hasFinalized":false,"hasSubtasks":false,"title":"This task will execute.","hasReset":false,"hasTitle":true,"isPrompt":true,"isPaused":false,"isPending":true,"isStarted":false,"hasFailed":false,"isEnabled":true,"isRetrying":false,"path":["This task will execute."]}}
",
  "{"event":"PROMPT","data":"\\u001b[32m?\\u001b[39m \\u001b[1mGive me some input.\\u001b[22m test\\u001b[27G","task":{"hasRolledBack":false,"isRollingBack":false,"isCompleted":false,"isSkipped":false,"hasFinalized":false,"hasSubtasks":false,"title":"This task will execute.","hasReset":false,"hasTitle":true,"isPrompt":true,"isPaused":false,"isPending":true,"isStarted":false,"hasFailed":false,"isEnabled":true,"isRetrying":false,"path":["This task will execute."]}}
",
  "{"event":"PROMPT","data":"\\u001b[2K\\u001b[G","task":{"hasRolledBack":false,"isRollingBack":false,"isCompleted":false,"isSkipped":false,"hasFinalized":false,"hasSubtasks":false,"title":"This task will execute.","hasReset":false,"hasTitle":true,"isPrompt":true,"isPaused":false,"isPending":true,"isStarted":false,"hasFailed":false,"isEnabled":true,"isRetrying":false,"path":["This task will execute."]}}
",
  "{"event":"PROMPT","data":"\\u001b[33m⠋\\u001b[39m \\u001b[1mGive me some input.\\u001b[22m test\\u001b[27G","task":{"hasRolledBack":false,"isRollingBack":false,"isCompleted":false,"isSkipped":false,"hasFinalized":false,"hasSubtasks":false,"title":"This task will execute.","hasReset":false,"hasTitle":true,"isPrompt":true,"isPaused":false,"isPending":true,"isStarted":false,"hasFailed":false,"isEnabled":true,"isRetrying":false,"path":["This task will execute."]}}
",
  "{"event":"PROMPT","data":"\\u001b[2K\\u001b[G","task":{"hasRolledBack":false,"isRollingBack":false,"isCompleted":false,"isSkipped":false,"hasFinalized":false,"hasSubtasks":false,"title":"This task will execute.","hasReset":false,"hasTitle":true,"isPrompt":true,"isPaused":false,"isPending":true,"isStarted":false,"hasFailed":false,"isEnabled":true,"isRetrying":false,"path":["This task will execute."]}}
",
  "{"event":"PROMPT","data":"\\u001b[32m?\\u001b[39m \\u001b[1mGive me some input.\\u001b[22m \\u001b[36mtest\\u001b[39m\\u001b[27G","task":{"hasRolledBack":false,"isRollingBack":false,"isCompleted":false,"isSkipped":false,"hasFinalized":false,"hasSubtasks":false,"title":"This task will execute.","hasReset":false,"hasTitle":true,"isPrompt":true,"isPaused":false,"isPending":true,"isStarted":false,"hasFailed":false,"isEnabled":true,"isRetrying":false,"path":["This task will execute."]}}
",
  "{"event":"PROMPT","data":"\\n","task":{"hasRolledBack":false,"isRollingBack":false,"isCompleted":false,"isSkipped":false,"hasFinalized":false,"hasSubtasks":false,"title":"This task will execute.","hasReset":false,"hasTitle":true,"isPrompt":true,"isPaused":false,"isPending":true,"isStarted":false,"hasFailed":false,"isEnabled":true,"isRetrying":false,"path":["This task will execute."]}}
",
  "{"event":"PROMPT","data":"\\u001b[?25h","task":{"hasRolledBack":false,"isRollingBack":false,"isCompleted":false,"isSkipped":false,"hasFinalized":false,"hasSubtasks":false,"title":"This task will execute.","hasReset":false,"hasTitle":true,"isPrompt":true,"isPaused":false,"isPending":true,"isStarted":false,"hasFailed":false,"isEnabled":true,"isRetrying":false,"path":["This task will execute."]}}
",
  "{"event":"STATE","data":"PROMPT_COMPLETED","task":{"hasRolledBack":false,"isRollingBack":false,"isCompleted":false,"isSkipped":false,"hasFinalized":false,"hasSubtasks":false,"title":"This task will execute.","hasReset":false,"hasTitle":true,"isPrompt":true,"isPaused":false,"isPending":true,"isStarted":false,"hasFailed":false,"isEnabled":true,"isRetrying":false,"path":["This task will execute."]}}
",
  "{"event":"STATE","data":"COMPLETED","task":{"hasRolledBack":false,"isRollingBack":false,"isCompleted":true,"isSkipped":false,"hasFinalized":true,"hasSubtasks":false,"title":"This task will execute.","hasReset":false,"hasTitle":true,"isPrompt":false,"isPaused":false,"isPending":false,"isStarted":false,"hasFailed":false,"isEnabled":true,"isRetrying":false,"path":["This task will execute."]}}
",
]
`;

exports[`verbose renderer: prompt -> inquirer should render a prompt: FWnNRsrvJZcLhaJZOgfuVKqfISzKAxWi-exit 1`] = `[]`;

exports[`verbose renderer: prompt -> inquirer should render a prompt: FWnNRsrvJZcLhaJZOgfuVKqfISzKAxWi-stderr 1`] = `[]`;

exports[`verbose renderer: prompt -> inquirer should render a prompt: FWnNRsrvJZcLhaJZOgfuVKqfISzKAxWi-stdout 1`] = `
[
  "[STARTED] This task will execute.
",
  "[PROMPT] [32m?[39m [1mGive me some input.[22m
",
  "[PROMPT] [32m?[39m [1mGive me some input.[22m t
",
  "[PROMPT] [32m?[39m [1mGive me some input.[22m te
",
  "[PROMPT] [32m?[39m [1mGive me some input.[22m tes
",
  "[PROMPT] [32m?[39m [1mGive me some input.[22m test
",
  "[PROMPT] [33m⠋[39m [1mGive me some input.[22m test
",
  "[PROMPT] [32m?[39m [1mGive me some input.[22m [36mtest[39m
",
  "[COMPLETED] This task will execute.
",
]
`;
